// Jest Snapshot v1, https://goo.gl/fbAQLP

exports[`should render ExpenseList with expenses 1`] = `
<div>
  <h1>
    Expense List
  </h1>
  <Connect(ExpenseListItem)
    amount={1000}
    createdAt={0}
    desc="Rent"
    id="1"
    key="1"
    note="This is home rent"
    onSelectChange={[Function]}
    selectAll={null}
  />
  <Connect(ExpenseListItem)
    amount={1800}
    createdAt={-345600000}
    desc="Gum"
    id="2"
    key="2"
    note="This is Gum expense"
    onSelectChange={[Function]}
    selectAll={null}
  />
  <Connect(ExpenseListItem)
    amount={3000}
    createdAt={345600000}
    desc="Fee"
    id="3"
    key="3"
    note="This is School Fee"
    onSelectChange={[Function]}
    selectAll={null}
  />
</div>
`;

exports[`should render ExpenseList with no expenses 1`] = `
<div>
  <h1>
    Expense List
  </h1>
  <p>
    No Expenses List Found
  </p>
</div>
`;
