// Jest Snapshot v1, https://goo.gl/fbAQLP

exports[`Should Setup the Header Correctly 1`] = `
<div
  className="header"
>
  <div
    className="content-continer"
  >
    <div
      className="header__content"
    >
      <Link
        className="header__title"
        replace={false}
        to="/dashboard"
      >
        <h1>
          Expensifiy
        </h1>
      </Link>
      <button
        className="button button__link"
        onClick={[Function]}
      >
        Logout
      </button>
    </div>
  </div>
</div>
`;
